// Jest Snapshot v1, https://goo.gl/fbAQLP

exports[`DetailItemProperties Renders correctly 1`] = `
<div
  style={
    Object {
      "display": "flex",
      "flexWrap": "wrap",
    }
  }
>
  <div
    style={
      Object {
        "WebkitTapHighlightColor": "rgba(0,0,0,0)",
        "backgroundColor": "#ffffff",
        "borderRadius": 2,
        "boxShadow": "0 1px 6px rgba(0, 0, 0, 0.12),
               0 1px 4px rgba(0, 0, 0, 0.12)",
        "boxSizing": "border-box",
        "color": "rgba(0, 0, 0, 0.87)",
        "fontFamily": "Roboto, sans-serif",
        "margin": 10,
        "muiPrepared": true,
        "transition": "all 450ms cubic-bezier(0.23, 1, 0.32, 1) 0ms",
        "width": 350,
      }
    }
  >
    <div
      style={
        Object {
          "muiPrepared": true,
          "padding": "0px 0px 8px 0px",
        }
      }
    >
      <div
        style={
          Object {
            "boxSizing": "border-box",
            "color": "rgba(0, 0, 0, 0.54)",
            "fontSize": 14,
            "fontWeight": 500,
            "lineHeight": "48px",
            "muiPrepared": true,
            "paddingLeft": 16,
            "textTransform": "capitalize",
            "width": "100%",
          }
        }
      >
        comics
      </div>
      <div>
        <span
          disabled={false}
          onBlur={[Function]}
          onClick={[Function]}
          onFocus={[Function]}
          onKeyDown={[Function]}
          onKeyUp={[Function]}
          onMouseEnter={[Function]}
          onMouseLeave={[Function]}
          onTouchEnd={[Function]}
          onTouchStart={[Function]}
          open={null}
          style={
            Object {
              "WebkitTapHighlightColor": "rgba(0, 0, 0, 0)",
              "background": "none",
              "backgroundColor": null,
              "border": 10,
              "boxSizing": "border-box",
              "color": "rgba(0, 0, 0, 0.87)",
              "cursor": "pointer",
              "display": "block",
              "fontFamily": "Roboto, sans-serif",
              "fontSize": 16,
              "fontWeight": "inherit",
              "lineHeight": "16px",
              "margin": 0,
              "muiPrepared": true,
              "outline": "none",
              "padding": 0,
              "position": "relative",
              "textDecoration": "none",
              "transition": "all 450ms cubic-bezier(0.23, 1, 0.32, 1) 0ms",
              "verticalAlign": null,
            }
          }
          tabIndex={0}
        >
          <div
            onMouseDown={[Function]}
            onMouseLeave={[Function]}
            onMouseUp={[Function]}
            onTouchEnd={[Function]}
            onTouchStart={[Function]}
          >
            <div
              style={
                Object {
                  "marginLeft": 0,
                  "muiPrepared": true,
                  "paddingBottom": 16,
                  "paddingLeft": 16,
                  "paddingRight": 16,
                  "paddingTop": 16,
                  "position": "relative",
                }
              }
            >
              <div
                style={
                  Object {
                    "muiPrepared": true,
                  }
                }
              >
                Ant-Man & the Wasp (2010) #3
              </div>
            </div>
          </div>
        </span>
      </div>
      <div>
        <span
          disabled={false}
          onBlur={[Function]}
          onClick={[Function]}
          onFocus={[Function]}
          onKeyDown={[Function]}
          onKeyUp={[Function]}
          onMouseEnter={[Function]}
          onMouseLeave={[Function]}
          onTouchEnd={[Function]}
          onTouchStart={[Function]}
          open={null}
          style={
            Object {
              "WebkitTapHighlightColor": "rgba(0, 0, 0, 0)",
              "background": "none",
              "backgroundColor": null,
              "border": 10,
              "boxSizing": "border-box",
              "color": "rgba(0, 0, 0, 0.87)",
              "cursor": "pointer",
              "display": "block",
              "fontFamily": "Roboto, sans-serif",
              "fontSize": 16,
              "fontWeight": "inherit",
              "lineHeight": "16px",
              "margin": 0,
              "muiPrepared": true,
              "outline": "none",
              "padding": 0,
              "position": "relative",
              "textDecoration": "none",
              "transition": "all 450ms cubic-bezier(0.23, 1, 0.32, 1) 0ms",
              "verticalAlign": null,
            }
          }
          tabIndex={0}
        >
          <div
            onMouseDown={[Function]}
            onMouseLeave={[Function]}
            onMouseUp={[Function]}
            onTouchEnd={[Function]}
            onTouchStart={[Function]}
          >
            <div
              style={
                Object {
                  "marginLeft": 0,
                  "muiPrepared": true,
                  "paddingBottom": 16,
                  "paddingLeft": 16,
                  "paddingRight": 16,
                  "paddingTop": 16,
                  "position": "relative",
                }
              }
            >
              <div
                style={
                  Object {
                    "muiPrepared": true,
                  }
                }
              >
                Avengers (1998) #67
              </div>
            </div>
          </div>
        </span>
      </div>
      <div>
        <span
          disabled={false}
          onBlur={[Function]}
          onClick={[Function]}
          onFocus={[Function]}
          onKeyDown={[Function]}
          onKeyUp={[Function]}
          onMouseEnter={[Function]}
          onMouseLeave={[Function]}
          onTouchEnd={[Function]}
          onTouchStart={[Function]}
          open={null}
          style={
            Object {
              "WebkitTapHighlightColor": "rgba(0, 0, 0, 0)",
              "background": "none",
              "backgroundColor": null,
              "border": 10,
              "boxSizing": "border-box",
              "color": "rgba(0, 0, 0, 0.87)",
              "cursor": "pointer",
              "display": "block",
              "fontFamily": "Roboto, sans-serif",
              "fontSize": 16,
              "fontWeight": "inherit",
              "lineHeight": "16px",
              "margin": 0,
              "muiPrepared": true,
              "outline": "none",
              "padding": 0,
              "position": "relative",
              "textDecoration": "none",
              "transition": "all 450ms cubic-bezier(0.23, 1, 0.32, 1) 0ms",
              "verticalAlign": null,
            }
          }
          tabIndex={0}
        >
          <div
            onMouseDown={[Function]}
            onMouseLeave={[Function]}
            onMouseUp={[Function]}
            onTouchEnd={[Function]}
            onTouchStart={[Function]}
          >
            <div
              style={
                Object {
                  "marginLeft": 0,
                  "muiPrepared": true,
                  "paddingBottom": 16,
                  "paddingLeft": 16,
                  "paddingRight": 16,
                  "paddingTop": 16,
                  "position": "relative",
                }
              }
            >
              <div
                style={
                  Object {
                    "muiPrepared": true,
                  }
                }
              >
                Avengers (1963) #87
              </div>
            </div>
          </div>
        </span>
      </div>
      <div>
        <span
          disabled={false}
          onBlur={[Function]}
          onClick={[Function]}
          onFocus={[Function]}
          onKeyDown={[Function]}
          onKeyUp={[Function]}
          onMouseEnter={[Function]}
          onMouseLeave={[Function]}
          onTouchEnd={[Function]}
          onTouchStart={[Function]}
          open={null}
          style={
            Object {
              "WebkitTapHighlightColor": "rgba(0, 0, 0, 0)",
              "background": "none",
              "backgroundColor": null,
              "border": 10,
              "boxSizing": "border-box",
              "color": "rgba(0, 0, 0, 0.87)",
              "cursor": "pointer",
              "display": "block",
              "fontFamily": "Roboto, sans-serif",
              "fontSize": 16,
              "fontWeight": "inherit",
              "lineHeight": "16px",
              "margin": 0,
              "muiPrepared": true,
              "outline": "none",
              "padding": 0,
              "position": "relative",
              "textDecoration": "none",
              "transition": "all 450ms cubic-bezier(0.23, 1, 0.32, 1) 0ms",
              "verticalAlign": null,
            }
          }
          tabIndex={0}
        >
          <div
            onMouseDown={[Function]}
            onMouseLeave={[Function]}
            onMouseUp={[Function]}
            onTouchEnd={[Function]}
            onTouchStart={[Function]}
          >
            <div
              style={
                Object {
                  "marginLeft": 0,
                  "muiPrepared": true,
                  "paddingBottom": 16,
                  "paddingLeft": 16,
                  "paddingRight": 16,
                  "paddingTop": 16,
                  "position": "relative",
                }
              }
            >
              <div
                style={
                  Object {
                    "muiPrepared": true,
                  }
                }
              >
                Avengers and Power Pack (2017) #3
              </div>
            </div>
          </div>
        </span>
      </div>
      <div>
        <span
          disabled={false}
          onBlur={[Function]}
          onClick={[Function]}
          onFocus={[Function]}
          onKeyDown={[Function]}
          onKeyUp={[Function]}
          onMouseEnter={[Function]}
          onMouseLeave={[Function]}
          onTouchEnd={[Function]}
          onTouchStart={[Function]}
          open={null}
          style={
            Object {
              "WebkitTapHighlightColor": "rgba(0, 0, 0, 0)",
              "background": "none",
              "backgroundColor": null,
              "border": 10,
              "boxSizing": "border-box",
              "color": "rgba(0, 0, 0, 0.87)",
              "cursor": "pointer",
              "display": "block",
              "fontFamily": "Roboto, sans-serif",
              "fontSize": 16,
              "fontWeight": "inherit",
              "lineHeight": "16px",
              "margin": 0,
              "muiPrepared": true,
              "outline": "none",
              "padding": 0,
              "position": "relative",
              "textDecoration": "none",
              "transition": "all 450ms cubic-bezier(0.23, 1, 0.32, 1) 0ms",
              "verticalAlign": null,
            }
          }
          tabIndex={0}
        >
          <div
            onMouseDown={[Function]}
            onMouseLeave={[Function]}
            onMouseUp={[Function]}
            onTouchEnd={[Function]}
            onTouchStart={[Function]}
          >
            <div
              style={
                Object {
                  "marginLeft": 0,
                  "muiPrepared": true,
                  "paddingBottom": 16,
                  "paddingLeft": 16,
                  "paddingRight": 16,
                  "paddingTop": 16,
                  "position": "relative",
                }
              }
            >
              <div
                style={
                  Object {
                    "muiPrepared": true,
                  }
                }
              >
                Avengers and Power Pack (2017) #4
              </div>
            </div>
          </div>
        </span>
      </div>
      <div>
        <span
          disabled={false}
          onBlur={[Function]}
          onClick={[Function]}
          onFocus={[Function]}
          onKeyDown={[Function]}
          onKeyUp={[Function]}
          onMouseEnter={[Function]}
          onMouseLeave={[Function]}
          onTouchEnd={[Function]}
          onTouchStart={[Function]}
          open={null}
          style={
            Object {
              "WebkitTapHighlightColor": "rgba(0, 0, 0, 0)",
              "background": "none",
              "backgroundColor": null,
              "border": 10,
              "boxSizing": "border-box",
              "color": "rgba(0, 0, 0, 0.87)",
              "cursor": "pointer",
              "display": "block",
              "fontFamily": "Roboto, sans-serif",
              "fontSize": 16,
              "fontWeight": "inherit",
              "lineHeight": "16px",
              "margin": 0,
              "muiPrepared": true,
              "outline": "none",
              "padding": 0,
              "position": "relative",
              "textDecoration": "none",
              "transition": "all 450ms cubic-bezier(0.23, 1, 0.32, 1) 0ms",
              "verticalAlign": null,
            }
          }
          tabIndex={0}
        >
          <div
            onMouseDown={[Function]}
            onMouseLeave={[Function]}
            onMouseUp={[Function]}
            onTouchEnd={[Function]}
            onTouchStart={[Function]}
          >
            <div
              style={
                Object {
                  "marginLeft": 0,
                  "muiPrepared": true,
                  "paddingBottom": 16,
                  "paddingLeft": 16,
                  "paddingRight": 16,
                  "paddingTop": 16,
                  "position": "relative",
                }
              }
            >
              <div
                style={
                  Object {
                    "muiPrepared": true,
                  }
                }
              >
                Avengers and Power Pack (2017) #5
              </div>
            </div>
          </div>
        </span>
      </div>
      <div>
        <span
          disabled={false}
          onBlur={[Function]}
          onClick={[Function]}
          onFocus={[Function]}
          onKeyDown={[Function]}
          onKeyUp={[Function]}
          onMouseEnter={[Function]}
          onMouseLeave={[Function]}
          onTouchEnd={[Function]}
          onTouchStart={[Function]}
          open={null}
          style={
            Object {
              "WebkitTapHighlightColor": "rgba(0, 0, 0, 0)",
              "background": "none",
              "backgroundColor": null,
              "border": 10,
              "boxSizing": "border-box",
              "color": "rgba(0, 0, 0, 0.87)",
              "cursor": "pointer",
              "display": "block",
              "fontFamily": "Roboto, sans-serif",
              "fontSize": 16,
              "fontWeight": "inherit",
              "lineHeight": "16px",
              "margin": 0,
              "muiPrepared": true,
              "outline": "none",
              "padding": 0,
              "position": "relative",
              "textDecoration": "none",
              "transition": "all 450ms cubic-bezier(0.23, 1, 0.32, 1) 0ms",
              "verticalAlign": null,
            }
          }
          tabIndex={0}
        >
          <div
            onMouseDown={[Function]}
            onMouseLeave={[Function]}
            onMouseUp={[Function]}
            onTouchEnd={[Function]}
            onTouchStart={[Function]}
          >
            <div
              style={
                Object {
                  "marginLeft": 0,
                  "muiPrepared": true,
                  "paddingBottom": 16,
                  "paddingLeft": 16,
                  "paddingRight": 16,
                  "paddingTop": 16,
                  "position": "relative",
                }
              }
            >
              <div
                style={
                  Object {
                    "muiPrepared": true,
                  }
                }
              >
                Avengers and Power Pack (2017) #6
              </div>
            </div>
          </div>
        </span>
      </div>
      <div>
        <span
          disabled={false}
          onBlur={[Function]}
          onClick={[Function]}
          onFocus={[Function]}
          onKeyDown={[Function]}
          onKeyUp={[Function]}
          onMouseEnter={[Function]}
          onMouseLeave={[Function]}
          onTouchEnd={[Function]}
          onTouchStart={[Function]}
          open={null}
          style={
            Object {
              "WebkitTapHighlightColor": "rgba(0, 0, 0, 0)",
              "background": "none",
              "backgroundColor": null,
              "border": 10,
              "boxSizing": "border-box",
              "color": "rgba(0, 0, 0, 0.87)",
              "cursor": "pointer",
              "display": "block",
              "fontFamily": "Roboto, sans-serif",
              "fontSize": 16,
              "fontWeight": "inherit",
              "lineHeight": "16px",
              "margin": 0,
              "muiPrepared": true,
              "outline": "none",
              "padding": 0,
              "position": "relative",
              "textDecoration": "none",
              "transition": "all 450ms cubic-bezier(0.23, 1, 0.32, 1) 0ms",
              "verticalAlign": null,
            }
          }
          tabIndex={0}
        >
          <div
            onMouseDown={[Function]}
            onMouseLeave={[Function]}
            onMouseUp={[Function]}
            onTouchEnd={[Function]}
            onTouchStart={[Function]}
          >
            <div
              style={
                Object {
                  "marginLeft": 0,
                  "muiPrepared": true,
                  "paddingBottom": 16,
                  "paddingLeft": 16,
                  "paddingRight": 16,
                  "paddingTop": 16,
                  "position": "relative",
                }
              }
            >
              <div
                style={
                  Object {
                    "muiPrepared": true,
                  }
                }
              >
                Avengers by Brian Michael Bendis: The Complete Collection Vol. 2 (Trade Paperback)
              </div>
            </div>
          </div>
        </span>
      </div>
      <div>
        <span
          disabled={false}
          onBlur={[Function]}
          onClick={[Function]}
          onFocus={[Function]}
          onKeyDown={[Function]}
          onKeyUp={[Function]}
          onMouseEnter={[Function]}
          onMouseLeave={[Function]}
          onTouchEnd={[Function]}
          onTouchStart={[Function]}
          open={null}
          style={
            Object {
              "WebkitTapHighlightColor": "rgba(0, 0, 0, 0)",
              "background": "none",
              "backgroundColor": null,
              "border": 10,
              "boxSizing": "border-box",
              "color": "rgba(0, 0, 0, 0.87)",
              "cursor": "pointer",
              "display": "block",
              "fontFamily": "Roboto, sans-serif",
              "fontSize": 16,
              "fontWeight": "inherit",
              "lineHeight": "16px",
              "margin": 0,
              "muiPrepared": true,
              "outline": "none",
              "padding": 0,
              "position": "relative",
              "textDecoration": "none",
              "transition": "all 450ms cubic-bezier(0.23, 1, 0.32, 1) 0ms",
              "verticalAlign": null,
            }
          }
          tabIndex={0}
        >
          <div
            onMouseDown={[Function]}
            onMouseLeave={[Function]}
            onMouseUp={[Function]}
            onTouchEnd={[Function]}
            onTouchStart={[Function]}
          >
            <div
              style={
                Object {
                  "marginLeft": 0,
                  "muiPrepared": true,
                  "paddingBottom": 16,
                  "paddingLeft": 16,
                  "paddingRight": 16,
                  "paddingTop": 16,
                  "position": "relative",
                }
              }
            >
              <div
                style={
                  Object {
                    "muiPrepared": true,
                  }
                }
              >
                Avengers Vol. 2: Red Zone (Trade Paperback)
              </div>
            </div>
          </div>
        </span>
      </div>
      <div>
        <span
          disabled={false}
          onBlur={[Function]}
          onClick={[Function]}
          onFocus={[Function]}
          onKeyDown={[Function]}
          onKeyUp={[Function]}
          onMouseEnter={[Function]}
          onMouseLeave={[Function]}
          onTouchEnd={[Function]}
          onTouchStart={[Function]}
          open={null}
          style={
            Object {
              "WebkitTapHighlightColor": "rgba(0, 0, 0, 0)",
              "background": "none",
              "backgroundColor": null,
              "border": 10,
              "boxSizing": "border-box",
              "color": "rgba(0, 0, 0, 0.87)",
              "cursor": "pointer",
              "display": "block",
              "fontFamily": "Roboto, sans-serif",
              "fontSize": 16,
              "fontWeight": "inherit",
              "lineHeight": "16px",
              "margin": 0,
              "muiPrepared": true,
              "outline": "none",
              "padding": 0,
              "position": "relative",
              "textDecoration": "none",
              "transition": "all 450ms cubic-bezier(0.23, 1, 0.32, 1) 0ms",
              "verticalAlign": null,
            }
          }
          tabIndex={0}
        >
          <div
            onMouseDown={[Function]}
            onMouseLeave={[Function]}
            onMouseUp={[Function]}
            onTouchEnd={[Function]}
            onTouchStart={[Function]}
          >
            <div
              style={
                Object {
                  "marginLeft": 0,
                  "muiPrepared": true,
                  "paddingBottom": 16,
                  "paddingLeft": 16,
                  "paddingRight": 16,
                  "paddingTop": 16,
                  "position": "relative",
                }
              }
            >
              <div
                style={
                  Object {
                    "muiPrepared": true,
                  }
                }
              >
                Avengers Vol. II: Red Zone (Trade Paperback)
              </div>
            </div>
          </div>
        </span>
      </div>
      <div>
        <span
          disabled={false}
          onBlur={[Function]}
          onClick={[Function]}
          onFocus={[Function]}
          onKeyDown={[Function]}
          onKeyUp={[Function]}
          onMouseEnter={[Function]}
          onMouseLeave={[Function]}
          onTouchEnd={[Function]}
          onTouchStart={[Function]}
          open={null}
          style={
            Object {
              "WebkitTapHighlightColor": "rgba(0, 0, 0, 0)",
              "background": "none",
              "backgroundColor": null,
              "border": 10,
              "boxSizing": "border-box",
              "color": "rgba(0, 0, 0, 0.87)",
              "cursor": "pointer",
              "display": "block",
              "fontFamily": "Roboto, sans-serif",
              "fontSize": 16,
              "fontWeight": "inherit",
              "lineHeight": "16px",
              "margin": 0,
              "muiPrepared": true,
              "outline": "none",
              "padding": 0,
              "position": "relative",
              "textDecoration": "none",
              "transition": "all 450ms cubic-bezier(0.23, 1, 0.32, 1) 0ms",
              "verticalAlign": null,
            }
          }
          tabIndex={0}
        >
          <div
            onMouseDown={[Function]}
            onMouseLeave={[Function]}
            onMouseUp={[Function]}
            onTouchEnd={[Function]}
            onTouchStart={[Function]}
          >
            <div
              style={
                Object {
                  "marginLeft": 0,
                  "muiPrepared": true,
                  "paddingBottom": 16,
                  "paddingLeft": 16,
                  "paddingRight": 16,
                  "paddingTop": 16,
                  "position": "relative",
                }
              }
            >
              <div
                style={
                  Object {
                    "muiPrepared": true,
                  }
                }
              >
                Captain America (1998) #28
              </div>
            </div>
          </div>
        </span>
      </div>
      <div>
        <span
          disabled={false}
          onBlur={[Function]}
          onClick={[Function]}
          onFocus={[Function]}
          onKeyDown={[Function]}
          onKeyUp={[Function]}
          onMouseEnter={[Function]}
          onMouseLeave={[Function]}
          onTouchEnd={[Function]}
          onTouchStart={[Function]}
          open={null}
          style={
            Object {
              "WebkitTapHighlightColor": "rgba(0, 0, 0, 0)",
              "background": "none",
              "backgroundColor": null,
              "border": 10,
              "boxSizing": "border-box",
              "color": "rgba(0, 0, 0, 0.87)",
              "cursor": "pointer",
              "display": "block",
              "fontFamily": "Roboto, sans-serif",
              "fontSize": 16,
              "fontWeight": "inherit",
              "lineHeight": "16px",
              "margin": 0,
              "muiPrepared": true,
              "outline": "none",
              "padding": 0,
              "position": "relative",
              "textDecoration": "none",
              "transition": "all 450ms cubic-bezier(0.23, 1, 0.32, 1) 0ms",
              "verticalAlign": null,
            }
          }
          tabIndex={0}
        >
          <div
            onMouseDown={[Function]}
            onMouseLeave={[Function]}
            onMouseUp={[Function]}
            onTouchEnd={[Function]}
            onTouchStart={[Function]}
          >
            <div
              style={
                Object {
                  "marginLeft": 0,
                  "muiPrepared": true,
                  "paddingBottom": 16,
                  "paddingLeft": 16,
                  "paddingRight": 16,
                  "paddingTop": 16,
                  "position": "relative",
                }
              }
            >
              <div
                style={
                  Object {
                    "muiPrepared": true,
                  }
                }
              >
                Captain America (1968) #132
              </div>
            </div>
          </div>
        </span>
      </div>
      <div>
        <span
          disabled={false}
          onBlur={[Function]}
          onClick={[Function]}
          onFocus={[Function]}
          onKeyDown={[Function]}
          onKeyUp={[Function]}
          onMouseEnter={[Function]}
          onMouseLeave={[Function]}
          onTouchEnd={[Function]}
          onTouchStart={[Function]}
          open={null}
          style={
            Object {
              "WebkitTapHighlightColor": "rgba(0, 0, 0, 0)",
              "background": "none",
              "backgroundColor": null,
              "border": 10,
              "boxSizing": "border-box",
              "color": "rgba(0, 0, 0, 0.87)",
              "cursor": "pointer",
              "display": "block",
              "fontFamily": "Roboto, sans-serif",
              "fontSize": 16,
              "fontWeight": "inherit",
              "lineHeight": "16px",
              "margin": 0,
              "muiPrepared": true,
              "outline": "none",
              "padding": 0,
              "position": "relative",
              "textDecoration": "none",
              "transition": "all 450ms cubic-bezier(0.23, 1, 0.32, 1) 0ms",
              "verticalAlign": null,
            }
          }
          tabIndex={0}
        >
          <div
            onMouseDown={[Function]}
            onMouseLeave={[Function]}
            onMouseUp={[Function]}
            onTouchEnd={[Function]}
            onTouchStart={[Function]}
          >
            <div
              style={
                Object {
                  "marginLeft": 0,
                  "muiPrepared": true,
                  "paddingBottom": 16,
                  "paddingLeft": 16,
                  "paddingRight": 16,
                  "paddingTop": 16,
                  "position": "relative",
                }
              }
            >
              <div
                style={
                  Object {
                    "muiPrepared": true,
                  }
                }
              >
                Captain America (1968) #133
              </div>
            </div>
          </div>
        </span>
      </div>
      <div>
        <span
          disabled={false}
          onBlur={[Function]}
          onClick={[Function]}
          onFocus={[Function]}
          onKeyDown={[Function]}
          onKeyUp={[Function]}
          onMouseEnter={[Function]}
          onMouseLeave={[Function]}
          onTouchEnd={[Function]}
          onTouchStart={[Function]}
          open={null}
          style={
            Object {
              "WebkitTapHighlightColor": "rgba(0, 0, 0, 0)",
              "background": "none",
              "backgroundColor": null,
              "border": 10,
              "boxSizing": "border-box",
              "color": "rgba(0, 0, 0, 0.87)",
              "cursor": "pointer",
              "display": "block",
              "fontFamily": "Roboto, sans-serif",
              "fontSize": 16,
              "fontWeight": "inherit",
              "lineHeight": "16px",
              "margin": 0,
              "muiPrepared": true,
              "outline": "none",
              "padding": 0,
              "position": "relative",
              "textDecoration": "none",
              "transition": "all 450ms cubic-bezier(0.23, 1, 0.32, 1) 0ms",
              "verticalAlign": null,
            }
          }
          tabIndex={0}
        >
          <div
            onMouseDown={[Function]}
            onMouseLeave={[Function]}
            onMouseUp={[Function]}
            onTouchEnd={[Function]}
            onTouchStart={[Function]}
          >
            <div
              style={
                Object {
                  "marginLeft": 0,
                  "muiPrepared": true,
                  "paddingBottom": 16,
                  "paddingLeft": 16,
                  "paddingRight": 16,
                  "paddingTop": 16,
                  "position": "relative",
                }
              }
            >
              <div
                style={
                  Object {
                    "muiPrepared": true,
                  }
                }
              >
                Captain America by Mark Waid, Ron Garney & Andy Kubert (Hardcover)
              </div>
            </div>
          </div>
        </span>
      </div>
      <div>
        <span
          disabled={false}
          onBlur={[Function]}
          onClick={[Function]}
          onFocus={[Function]}
          onKeyDown={[Function]}
          onKeyUp={[Function]}
          onMouseEnter={[Function]}
          onMouseLeave={[Function]}
          onTouchEnd={[Function]}
          onTouchStart={[Function]}
          open={null}
          style={
            Object {
              "WebkitTapHighlightColor": "rgba(0, 0, 0, 0)",
              "background": "none",
              "backgroundColor": null,
              "border": 10,
              "boxSizing": "border-box",
              "color": "rgba(0, 0, 0, 0.87)",
              "cursor": "pointer",
              "display": "block",
              "fontFamily": "Roboto, sans-serif",
              "fontSize": 16,
              "fontWeight": "inherit",
              "lineHeight": "16px",
              "margin": 0,
              "muiPrepared": true,
              "outline": "none",
              "padding": 0,
              "position": "relative",
              "textDecoration": "none",
              "transition": "all 450ms cubic-bezier(0.23, 1, 0.32, 1) 0ms",
              "verticalAlign": null,
            }
          }
          tabIndex={0}
        >
          <div
            onMouseDown={[Function]}
            onMouseLeave={[Function]}
            onMouseUp={[Function]}
            onTouchEnd={[Function]}
            onTouchStart={[Function]}
          >
            <div
              style={
                Object {
                  "marginLeft": 0,
                  "muiPrepared": true,
                  "paddingBottom": 16,
                  "paddingLeft": 16,
                  "paddingRight": 16,
                  "paddingTop": 16,
                  "position": "relative",
                }
              }
            >
              <div
                style={
                  Object {
                    "muiPrepared": true,
                  }
                }
              >
                Defenders (1972) #57
              </div>
            </div>
          </div>
        </span>
      </div>
      <div>
        <span
          disabled={false}
          onBlur={[Function]}
          onClick={[Function]}
          onFocus={[Function]}
          onKeyDown={[Function]}
          onKeyUp={[Function]}
          onMouseEnter={[Function]}
          onMouseLeave={[Function]}
          onTouchEnd={[Function]}
          onTouchStart={[Function]}
          open={null}
          style={
            Object {
              "WebkitTapHighlightColor": "rgba(0, 0, 0, 0)",
              "background": "none",
              "backgroundColor": null,
              "border": 10,
              "boxSizing": "border-box",
              "color": "rgba(0, 0, 0, 0.87)",
              "cursor": "pointer",
              "display": "block",
              "fontFamily": "Roboto, sans-serif",
              "fontSize": 16,
              "fontWeight": "inherit",
              "lineHeight": "16px",
              "margin": 0,
              "muiPrepared": true,
              "outline": "none",
              "padding": 0,
              "position": "relative",
              "textDecoration": "none",
              "transition": "all 450ms cubic-bezier(0.23, 1, 0.32, 1) 0ms",
              "verticalAlign": null,
            }
          }
          tabIndex={0}
        >
          <div
            onMouseDown={[Function]}
            onMouseLeave={[Function]}
            onMouseUp={[Function]}
            onTouchEnd={[Function]}
            onTouchStart={[Function]}
          >
            <div
              style={
                Object {
                  "marginLeft": 0,
                  "muiPrepared": true,
                  "paddingBottom": 16,
                  "paddingLeft": 16,
                  "paddingRight": 16,
                  "paddingTop": 16,
                  "position": "relative",
                }
              }
            >
              <div
                style={
                  Object {
                    "muiPrepared": true,
                  }
                }
              >
                Incredible Hulks (2009) #606 (VARIANT)
              </div>
            </div>
          </div>
        </span>
      </div>
      <div>
        <span
          disabled={false}
          onBlur={[Function]}
          onClick={[Function]}
          onFocus={[Function]}
          onKeyDown={[Function]}
          onKeyUp={[Function]}
          onMouseEnter={[Function]}
          onMouseLeave={[Function]}
          onTouchEnd={[Function]}
          onTouchStart={[Function]}
          open={null}
          style={
            Object {
              "WebkitTapHighlightColor": "rgba(0, 0, 0, 0)",
              "background": "none",
              "backgroundColor": null,
              "border": 10,
              "boxSizing": "border-box",
              "color": "rgba(0, 0, 0, 0.87)",
              "cursor": "pointer",
              "display": "block",
              "fontFamily": "Roboto, sans-serif",
              "fontSize": 16,
              "fontWeight": "inherit",
              "lineHeight": "16px",
              "margin": 0,
              "muiPrepared": true,
              "outline": "none",
              "padding": 0,
              "position": "relative",
              "textDecoration": "none",
              "transition": "all 450ms cubic-bezier(0.23, 1, 0.32, 1) 0ms",
              "verticalAlign": null,
            }
          }
          tabIndex={0}
        >
          <div
            onMouseDown={[Function]}
            onMouseLeave={[Function]}
            onMouseUp={[Function]}
            onTouchEnd={[Function]}
            onTouchStart={[Function]}
          >
            <div
              style={
                Object {
                  "marginLeft": 0,
                  "muiPrepared": true,
                  "paddingBottom": 16,
                  "paddingLeft": 16,
                  "paddingRight": 16,
                  "paddingTop": 16,
                  "position": "relative",
                }
              }
            >
              <div
                style={
                  Object {
                    "muiPrepared": true,
                  }
                }
              >
                Iron Man (2012) #1
              </div>
            </div>
          </div>
        </span>
      </div>
      <div>
        <span
          disabled={false}
          onBlur={[Function]}
          onClick={[Function]}
          onFocus={[Function]}
          onKeyDown={[Function]}
          onKeyUp={[Function]}
          onMouseEnter={[Function]}
          onMouseLeave={[Function]}
          onTouchEnd={[Function]}
          onTouchStart={[Function]}
          open={null}
          style={
            Object {
              "WebkitTapHighlightColor": "rgba(0, 0, 0, 0)",
              "background": "none",
              "backgroundColor": null,
              "border": 10,
              "boxSizing": "border-box",
              "color": "rgba(0, 0, 0, 0.87)",
              "cursor": "pointer",
              "display": "block",
              "fontFamily": "Roboto, sans-serif",
              "fontSize": 16,
              "fontWeight": "inherit",
              "lineHeight": "16px",
              "margin": 0,
              "muiPrepared": true,
              "outline": "none",
              "padding": 0,
              "position": "relative",
              "textDecoration": "none",
              "transition": "all 450ms cubic-bezier(0.23, 1, 0.32, 1) 0ms",
              "verticalAlign": null,
            }
          }
          tabIndex={0}
        >
          <div
            onMouseDown={[Function]}
            onMouseLeave={[Function]}
            onMouseUp={[Function]}
            onTouchEnd={[Function]}
            onTouchStart={[Function]}
          >
            <div
              style={
                Object {
                  "marginLeft": 0,
                  "muiPrepared": true,
                  "paddingBottom": 16,
                  "paddingLeft": 16,
                  "paddingRight": 16,
                  "paddingTop": 16,
                  "position": "relative",
                }
              }
            >
              <div
                style={
                  Object {
                    "muiPrepared": true,
                  }
                }
              >
                Iron Man (1968) #295
              </div>
            </div>
          </div>
        </span>
      </div>
      <div>
        <span
          disabled={false}
          onBlur={[Function]}
          onClick={[Function]}
          onFocus={[Function]}
          onKeyDown={[Function]}
          onKeyUp={[Function]}
          onMouseEnter={[Function]}
          onMouseLeave={[Function]}
          onTouchEnd={[Function]}
          onTouchStart={[Function]}
          open={null}
          style={
            Object {
              "WebkitTapHighlightColor": "rgba(0, 0, 0, 0)",
              "background": "none",
              "backgroundColor": null,
              "border": 10,
              "boxSizing": "border-box",
              "color": "rgba(0, 0, 0, 0.87)",
              "cursor": "pointer",
              "display": "block",
              "fontFamily": "Roboto, sans-serif",
              "fontSize": 16,
              "fontWeight": "inherit",
              "lineHeight": "16px",
              "margin": 0,
              "muiPrepared": true,
              "outline": "none",
              "padding": 0,
              "position": "relative",
              "textDecoration": "none",
              "transition": "all 450ms cubic-bezier(0.23, 1, 0.32, 1) 0ms",
              "verticalAlign": null,
            }
          }
          tabIndex={0}
        >
          <div
            onMouseDown={[Function]}
            onMouseLeave={[Function]}
            onMouseUp={[Function]}
            onTouchEnd={[Function]}
            onTouchStart={[Function]}
          >
            <div
              style={
                Object {
                  "marginLeft": 0,
                  "muiPrepared": true,
                  "paddingBottom": 16,
                  "paddingLeft": 16,
                  "paddingRight": 16,
                  "paddingTop": 16,
                  "position": "relative",
                }
              }
            >
              <div
                style={
                  Object {
                    "muiPrepared": true,
                  }
                }
              >
                Iron Man (1968) #296
              </div>
            </div>
          </div>
        </span>
      </div>
      <div>
        <span
          disabled={false}
          onBlur={[Function]}
          onClick={[Function]}
          onFocus={[Function]}
          onKeyDown={[Function]}
          onKeyUp={[Function]}
          onMouseEnter={[Function]}
          onMouseLeave={[Function]}
          onTouchEnd={[Function]}
          onTouchStart={[Function]}
          open={null}
          style={
            Object {
              "WebkitTapHighlightColor": "rgba(0, 0, 0, 0)",
              "background": "none",
              "backgroundColor": null,
              "border": 10,
              "boxSizing": "border-box",
              "color": "rgba(0, 0, 0, 0.87)",
              "cursor": "pointer",
              "display": "block",
              "fontFamily": "Roboto, sans-serif",
              "fontSize": 16,
              "fontWeight": "inherit",
              "lineHeight": "16px",
              "margin": 0,
              "muiPrepared": true,
              "outline": "none",
              "padding": 0,
              "position": "relative",
              "textDecoration": "none",
              "transition": "all 450ms cubic-bezier(0.23, 1, 0.32, 1) 0ms",
              "verticalAlign": null,
            }
          }
          tabIndex={0}
        >
          <div
            onMouseDown={[Function]}
            onMouseLeave={[Function]}
            onMouseUp={[Function]}
            onTouchEnd={[Function]}
            onTouchStart={[Function]}
          >
            <div
              style={
                Object {
                  "marginLeft": 0,
                  "muiPrepared": true,
                  "paddingBottom": 16,
                  "paddingLeft": 16,
                  "paddingRight": 16,
                  "paddingTop": 16,
                  "position": "relative",
                }
              }
            >
              <div
                style={
                  Object {
                    "muiPrepared": true,
                  }
                }
              >
                Iron Man (1968) #297
              </div>
            </div>
          </div>
        </span>
      </div>
    </div>
  </div>
</div>
`;
